{
  "round": "R656_LOWER_JUMP_CONSTANTS",
  "binary": "extract reusable lower-jump constants OR no constants survive",
  "inputs": [
    "C:\\Users\\jared\\Local Sites\\woocommerce-enterprise\\UNIVERSAL_LAW\\oracle\\math\\results\\eg411\\r654_rough_cofactor_certificates_10m_top1024.json",
    "C:\\Users\\jared\\Local Sites\\woocommerce-enterprise\\UNIVERSAL_LAW\\oracle\\math\\results\\eg411\\r654_rough_cofactor_certificates_10m_box_top1024.json",
    "C:\\Users\\jared\\Local Sites\\woocommerce-enterprise\\UNIVERSAL_LAW\\oracle\\math\\results\\eg411\\r654_rough_cofactor_certificates_20m_box_seed657_top4096.json",
    "C:\\Users\\jared\\Local Sites\\woocommerce-enterprise\\UNIVERSAL_LAW\\oracle\\math\\results\\eg411\\r654_rough_cofactor_certificates_10m_box_maxexp8_seed659_top2048.json",
    "C:\\Users\\jared\\Local Sites\\woocommerce-enterprise\\UNIVERSAL_LAW\\oracle\\math\\results\\eg411\\r654_rough_cofactor_certificates_8m_box_maxexp12_seed660_top2048.json",
    "C:\\Users\\jared\\Local Sites\\woocommerce-enterprise\\UNIVERSAL_LAW\\oracle\\math\\results\\eg411\\r654_rough_cofactor_certificates_8m_box_maxexp16_seed661_top4096.json"
  ],
  "certificate_count": 90,
  "all_input_certificates_depth4_forced": true,
  "observed_min_x3_lower": 0.9849996381393205,
  "observed_min_x4_lower": 1.0461169979767155,
  "worst_x3_certificate": {
    "source_file": "C:\\Users\\jared\\Local Sites\\woocommerce-enterprise\\UNIVERSAL_LAW\\oracle\\math\\results\\eg411\\r654_rough_cofactor_certificates_8m_box_maxexp16_seed661_top4096.json",
    "input_rank": 191,
    "source": "gpu_batch_38",
    "p_digits": 1203,
    "x3_lower_float": 0.9849996381393205,
    "x4_lower_float": 1.0461169979767155
  },
  "prime_y_max": 3000000,
  "best_covered_ladder_row_for_observed_min_x3": {
    "y": 2999999,
    "prime_count": 216816,
    "ratio_float": 0.03764481378701614,
    "primorial_log10": 1302061.5566277115,
    "p_digits_covered_if_C3_le_4p3": 434020,
    "required_x3_for_depth4_float": 0.963720905952754,
    "observed_min_x3_exceeds_required": true,
    "observed_min_x3_margin": 0.021278732186566507,
    "observed_min_x3_margin_factor_in_ratio_space": 2.471948897128363
  },
  "finite_theorem_constant": {
    "statement": "If a strict-underflow Cambie record has x3_lower >= 0.984999638139320455 and C3 <= 4p^3 with p having at most 434020 digits, then depth-4 overshoot is forced by the primorial lower bound.",
    "x3_lower_threshold": 0.9849996381393205,
    "p_digits_covered": 434020,
    "primorial_ratio_floor": 0.03764481378701614,
    "margin_factor": 2.471948897128363
  },
  "ladder_rows": [
    {
      "y": 50021,
      "prime_count": 5134,
      "ratio_float": 0.05187138910990369,
      "primorial_log10": 21603.040318684834,
      "p_digits_covered_if_C3_le_4p3": 7200,
      "required_x3_for_depth4_float": 0.9506865671536162,
      "observed_min_x3_exceeds_required": true,
      "observed_min_x3_margin": 0.03431307098570424,
      "observed_min_x3_margin_factor_in_ratio_space": 3.406137797046759
    },
    {
      "y": 100003,
      "prime_count": 9593,
      "ratio_float": 0.048752430336462364,
      "primorial_log10": 43297.814498764696,
      "p_digits_covered_if_C3_le_4p3": 14432,
      "required_x3_for_depth4_float": 0.9535138809444079,
      "observed_min_x3_exceeds_required": true,
      "observed_min_x3_margin": 0.031485757194912534,
      "observed_min_x3_margin_factor_in_ratio_space": 3.2013311869299548
    },
    {
      "y": 150001,
      "prime_count": 13849,
      "ratio_float": 0.04709754881417276,
      "primorial_log10": 64976.65885140438,
      "p_digits_covered_if_C3_le_4p3": 21658,
      "required_x3_for_depth4_float": 0.9550208584983222,
      "observed_min_x3_exceeds_required": true,
      "observed_min_x3_margin": 0.029978779640998265,
      "observed_min_x3_margin_factor_in_ratio_space": 3.09266329506452
    },
    {
      "y": 200003,
      "prime_count": 17985,
      "ratio_float": 0.0459897196062866,
      "primorial_log10": 86655.28665123874,
      "p_digits_covered_if_C3_le_4p3": 28884,
      "required_x3_for_depth4_float": 0.9560323407159323,
      "observed_min_x3_exceeds_required": true,
      "observed_min_x3_margin": 0.028967297423388105,
      "observed_min_x3_margin_factor_in_ratio_space": 3.0199176253918147
    },
    {
      "y": 250007,
      "prime_count": 22045,
      "ratio_float": 0.04516389426906144,
      "primorial_log10": 108381.45619477275,
      "p_digits_covered_if_C3_le_4p3": 36126,
      "required_x3_for_depth4_float": 0.9567877396868488,
      "observed_min_x3_exceeds_required": true,
      "observed_min_x3_margin": 0.02821189845247163,
      "observed_min_x3_margin_factor_in_ratio_space": 2.965689756365179
    },
    {
      "y": 300007,
      "prime_count": 25998,
      "ratio_float": 0.044517249339796984,
      "primorial_log10": 129879.92506535235,
      "p_digits_covered_if_C3_le_4p3": 43293,
      "required_x3_for_depth4_float": 0.9573800725953212,
      "observed_min_x3_exceeds_required": true,
      "observed_min_x3_margin": 0.027619565543999247,
      "observed_min_x3_margin_factor_in_ratio_space": 2.9232277792978296
    },
    {
      "y": 350003,
      "prime_count": 29978,
      "ratio_float": 0.043974154970115885,
      "primorial_log10": 151814.9169627436,
      "p_digits_covered_if_C3_le_4p3": 50604,
      "required_x3_for_depth4_float": 0.9578781191461827,
      "observed_min_x3_exceeds_required": true,
      "observed_min_x3_margin": 0.02712151899313775,
      "observed_min_x3_margin_factor_in_ratio_space": 2.8875654557765786
    },
    {
      "y": 400009,
      "prime_count": 33861,
      "ratio_float": 0.043520588925507836,
      "primorial_log10": 173457.9835232922,
      "p_digits_covered_if_C3_le_4p3": 57819,
      "required_x3_for_depth4_float": 0.9582944607060219,
      "observed_min_x3_exceeds_required": true,
      "observed_min_x3_margin": 0.026705177433298588,
      "observed_min_x3_margin_factor_in_ratio_space": 2.8577820149529067
    },
    {
      "y": 450001,
      "prime_count": 37707,
      "ratio_float": 0.04312816335717605,
      "primorial_log10": 195104.1495474762,
      "p_digits_covered_if_C3_le_4p3": 65034,
      "required_x3_for_depth4_float": 0.9586549717741553,
      "observed_min_x3_exceeds_required": true,
      "observed_min_x3_margin": 0.026344666365165192,
      "observed_min_x3_margin_factor_in_ratio_space": 2.832013367076707
    },
    {
      "y": 500009,
      "prime_count": 41539,
      "ratio_float": 0.04278138192252573,
      "primorial_log10": 216856.80311546384,
      "p_digits_covered_if_C3_le_4p3": 72285,
      "required_x3_for_depth4_float": 0.9589737766091951,
      "observed_min_x3_exceeds_required": true,
      "observed_min_x3_margin": 0.026025861530125316,
      "observed_min_x3_margin_factor_in_ratio_space": 2.8092419439059513
    },
    {
      "y": 550007,
      "prime_count": 45323,
      "ratio_float": 0.04247387374330436,
      "primorial_log10": 238501.08400814162,
      "p_digits_covered_if_C3_le_4p3": 79500,
      "required_x3_for_depth4_float": 0.9592566539909633,
      "observed_min_x3_exceeds_required": true,
      "observed_min_x3_margin": 0.025742984148357184,
      "observed_min_x3_margin_factor_in_ratio_space": 2.7890494013479006
    },
    {
      "y": 600011,
      "prime_count": 49099,
      "ratio_float": 0.04219570380795169,
      "primorial_log10": 260249.16099481029,
      "p_digits_covered_if_C3_le_4p3": 86749,
      "required_x3_for_depth4_float": 0.9595126868650696,
      "observed_min_x3_exceeds_required": true,
      "observed_min_x3_margin": 0.025486951274250824,
      "observed_min_x3_margin_factor_in_ratio_space": 2.7707833562878914
    },
    {
      "y": 650011,
      "prime_count": 52832,
      "ratio_float": 0.04194426904898379,
      "primorial_log10": 281884.589222183,
      "p_digits_covered_if_C3_le_4p3": 93961,
      "required_x3_for_depth4_float": 0.959744229806775,
      "observed_min_x3_exceeds_required": true,
      "observed_min_x3_margin": 0.02525540833254547,
      "observed_min_x3_margin_factor_in_ratio_space": 2.754272878147478
    },
    {
      "y": 700001,
      "prime_count": 56544,
      "ratio_float": 0.04171414086707883,
      "primorial_log10": 303522.636361304,
      "p_digits_covered_if_C3_le_4p3": 101174,
      "required_x3_for_depth4_float": 0.9599562497708269,
      "observed_min_x3_exceeds_required": true,
      "observed_min_x3_margin": 0.025043388368493513,
      "observed_min_x3_margin_factor_in_ratio_space": 2.73916149763497
    },
    {
      "y": 750019,
      "prime_count": 60239,
      "ratio_float": 0.04150193221758895,
      "primorial_log10": 325175.7571593423,
      "p_digits_covered_if_C3_le_4p3": 108391,
      "required_x3_for_depth4_float": 0.9601518432815366,
      "observed_min_x3_exceeds_required": true,
      "observed_min_x3_margin": 0.024847794857783878,
      "observed_min_x3_margin_factor_in_ratio_space": 2.72522680426564
    },
    {
      "y": 800011,
      "prime_count": 63952,
      "ratio_float": 0.04130349628537754,
      "primorial_log10": 347042.3872331883,
      "p_digits_covered_if_C3_le_4p3": 115680,
      "required_x3_for_depth4_float": 0.9603348145543362,
      "observed_min_x3_exceeds_required": true,
      "observed_min_x3_margin": 0.02466482358498423,
      "observed_min_x3_margin_factor_in_ratio_space": 2.71219649718122
    },
    {
      "y": 850009,
      "prime_count": 67618,
      "ratio_float": 0.0411202951256011,
      "primorial_log10": 368731.73588861484,
      "p_digits_covered_if_C3_le_4p3": 122910,
      "required_x3_for_depth4_float": 0.9605038002638875,
      "observed_min_x3_exceeds_required": true,
      "observed_min_x3_margin": 0.02449583787543297,
      "observed_min_x3_margin_factor_in_ratio_space": 2.7001665823189978
    },
    {
      "y": 900001,
      "prime_count": 71275,
      "ratio_float": 0.040948731530315065,
      "primorial_log10": 390461.2907015251,
      "p_digits_covered_if_C3_le_4p3": 130153,
      "required_x3_for_depth4_float": 0.960662105356413,
      "observed_min_x3_exceeds_required": true,
      "observed_min_x3_margin": 0.0243375327829074,
      "observed_min_x3_margin_factor_in_ratio_space": 2.688900848809088
    },
    {
      "y": 950009,
      "prime_count": 74908,
      "ratio_float": 0.04078815775919143,
      "primorial_log10": 412135.8822031705,
      "p_digits_covered_if_C3_le_4p3": 137378,
      "required_x3_for_depth4_float": 0.9608103172051764,
      "observed_min_x3_exceeds_required": true,
      "observed_min_x3_margin": 0.024189320934144054,
      "observed_min_x3_margin_factor_in_ratio_space": 2.6783567627450013
    },
    {
      "y": 1000003,
      "prime_count": 78499,
      "ratio_float": 0.04063816953355952,
      "primorial_log10": 433642.1674826556,
      "p_digits_covered_if_C3_le_4p3": 144547,
      "required_x3_for_depth4_float": 0.9609487997621934,
      "observed_min_x3_exceeds_required": true,
      "observed_min_x3_margin": 0.02405083837712707,
      "observed_min_x3_margin_factor_in_ratio_space": 2.6685077771442036
    },
    {
      "y": 1050011,
      "prime_count": 82135,
      "ratio_float": 0.04049421562183016,
      "primorial_log10": 455496.73759299587,
      "p_digits_covered_if_C3_le_4p3": 151832,
      "required_x3_for_depth4_float": 0.9610817484481357,
      "observed_min_x3_exceeds_required": true,
      "observed_min_x3_margin": 0.0239178896911848,
      "observed_min_x3_margin_factor_in_ratio_space": 2.659055035118436
    },
    {
      "y": 1100009,
      "prime_count": 85715,
      "ratio_float": 0.04035958428361033,
      "primorial_log10": 477089.31372617517,
      "p_digits_covered_if_C3_le_4p3": 159029,
      "required_x3_for_depth4_float": 0.9612061205632071,
      "observed_min_x3_exceeds_required": true,
      "observed_min_x3_margin": 0.023793517576113365,
      "observed_min_x3_margin_factor_in_ratio_space": 2.650214460426944
    },
    {
      "y": 1150027,
      "prime_count": 89303,
      "ratio_float": 0.040231024408766476,
      "primorial_log10": 498800.4347549698,
      "p_digits_covered_if_C3_le_4p3": 166266,
      "required_x3_for_depth4_float": 0.9613249139232004,
      "observed_min_x3_exceeds_required": true,
      "observed_min_x3_margin": 0.023674724216120047,
      "observed_min_x3_margin_factor_in_ratio_space": 2.6417725687328266
    },
    {
      "y": 1200007,
      "prime_count": 92939,
      "ratio_float": 0.04010669553741326,
      "primorial_log10": 520870.85991643346,
      "p_digits_covered_if_C3_le_4p3": 173623,
      "required_x3_for_depth4_float": 0.9614398256356859,
      "observed_min_x3_exceeds_required": true,
      "observed_min_x3_margin": 0.023559812503634592,
      "observed_min_x3_margin_factor_in_ratio_space": 2.6336085061301633
    },
    {
      "y": 1250003,
      "prime_count": 96470,
      "ratio_float": 0.03999125853391923,
      "primorial_log10": 542368.2029214741,
      "p_digits_covered_if_C3_le_4p3": 180789,
      "required_x3_for_depth4_float": 0.961546543583169,
      "observed_min_x3_exceeds_required": true,
      "observed_min_x3_margin": 0.02345309455615141,
      "observed_min_x3_margin_factor_in_ratio_space": 2.6260283285500767
    },
    {
      "y": 1300021,
      "prime_count": 100022,
      "ratio_float": 0.03987998196910814,
      "primorial_log10": 564054.7867188829,
      "p_digits_covered_if_C3_le_4p3": 188018,
      "required_x3_for_depth4_float": 0.9616494377614695,
      "observed_min_x3_exceeds_required": true,
      "observed_min_x3_margin": 0.02335020037785096,
      "observed_min_x3_margin_factor_in_ratio_space": 2.6187213464192243
    },
    {
      "y": 1350001,
      "prime_count": 103545,
      "ratio_float": 0.03977406453303323,
      "primorial_log10": 585623.1159365205,
      "p_digits_covered_if_C3_le_4p3": 195207,
      "required_x3_for_depth4_float": 0.9617473969684983,
      "observed_min_x3_exceeds_required": true,
      "observed_min_x3_margin": 0.02325224117082214,
      "observed_min_x3_margin_factor_in_ratio_space": 2.6117662717899974
    },
    {
      "y": 1400017,
      "prime_count": 107127,
      "ratio_float": 0.03967058498002206,
      "primorial_log10": 607610.6138028027,
      "p_digits_covered_if_C3_le_4p3": 202536,
      "required_x3_for_depth4_float": 0.961843120741187,
      "observed_min_x3_exceeds_required": true,
      "observed_min_x3_margin": 0.023156517398133403,
      "observed_min_x3_margin_factor_in_ratio_space": 2.6049712808946106
    },
    {
      "y": 1450019,
      "prime_count": 110631,
      "ratio_float": 0.039573165397867524,
      "primorial_log10": 629173.7912093665,
      "p_digits_covered_if_C3_le_4p3": 209724,
      "required_x3_for_depth4_float": 0.9619332561525653,
      "observed_min_x3_exceeds_required": true,
      "observed_min_x3_margin": 0.023066381986755147,
      "observed_min_x3_margin_factor_in_ratio_space": 2.5985742183396443
    },
    {
      "y": 1500007,
      "prime_count": 114156,
      "ratio_float": 0.03947869193878096,
      "primorial_log10": 650918.6420711094,
      "p_digits_covered_if_C3_le_4p3": 216972,
      "required_x3_for_depth4_float": 0.9620206818620327,
      "observed_min_x3_exceeds_required": true,
      "observed_min_x3_margin": 0.022978956277287743,
      "observed_min_x3_margin_factor_in_ratio_space": 2.5923706131280952
    },
    {
      "y": 1550027,
      "prime_count": 117664,
      "ratio_float": 0.03938796161215817,
      "primorial_log10": 672609.2736916739,
      "p_digits_covered_if_C3_le_4p3": 224202,
      "required_x3_for_depth4_float": 0.9621046586386618,
      "observed_min_x3_exceeds_required": true,
      "observed_min_x3_margin": 0.022894979500658663,
      "observed_min_x3_margin_factor_in_ratio_space": 2.5864128009285126
    },
    {
      "y": 1600033,
      "prime_count": 121128,
      "ratio_float": 0.0393014128438905,
      "primorial_log10": 694076.4481905213,
      "p_digits_covered_if_C3_le_4p3": 231358,
      "required_x3_for_depth4_float": 0.962184778777171,
      "observed_min_x3_exceeds_required": true,
      "observed_min_x3_margin": 0.022814859362149442,
      "observed_min_x3_margin_factor_in_ratio_space": 2.580729571002671
    },
    {
      "y": 1650001,
      "prime_count": 124635,
      "ratio_float": 0.03921666927451229,
      "primorial_log10": 715857.6743237408,
      "p_digits_covered_if_C3_le_4p3": 238619,
      "required_x3_for_depth4_float": 0.9622632407331476,
      "observed_min_x3_exceeds_required": true,
      "observed_min_x3_margin": 0.022736397406172837,
      "observed_min_x3_margin_factor_in_ratio_space": 2.575164879567395
    },
    {
      "y": 1700021,
      "prime_count": 128142,
      "ratio_float": 0.03913464021422024,
      "primorial_log10": 737685.2440408678,
      "p_digits_covered_if_C3_le_4p3": 245894,
      "required_x3_for_depth4_float": 0.9623392015820466,
      "observed_min_x3_exceeds_required": true,
      "observed_min_x3_margin": 0.0226604365572739,
      "observed_min_x3_margin_factor_in_ratio_space": 2.5697784365298855
    },
    {
      "y": 1750009,
      "prime_count": 131609,
      "ratio_float": 0.03905606510208538,
      "primorial_log10": 759308.2620774175,
      "p_digits_covered_if_C3_le_4p3": 253102,
      "required_x3_for_depth4_float": 0.9624119752399999,
      "observed_min_x3_exceeds_required": true,
      "observed_min_x3_margin": 0.02258766289932057,
      "observed_min_x3_margin_factor_in_ratio_space": 2.5646187971999526
    },
    {
      "y": 1800017,
      "prime_count": 135073,
      "ratio_float": 0.038979922104272535,
      "primorial_log10": 780955.5852458274,
      "p_digits_covered_if_C3_le_4p3": 260318,
      "required_x3_for_depth4_float": 0.9624825068560271,
      "observed_min_x3_exceeds_required": true,
      "observed_min_x3_margin": 0.022517131283293357,
      "observed_min_x3_margin_factor_in_ratio_space": 2.5596188627990966
    },
    {
      "y": 1850021,
      "prime_count": 138543,
      "ratio_float": 0.03890587220448455,
      "primorial_log10": 802682.1116997945,
      "p_digits_covered_if_C3_le_4p3": 267560,
      "required_x3_for_depth4_float": 0.9625511095418788,
      "observed_min_x3_exceeds_required": true,
      "observed_min_x3_margin": 0.02244852859744162,
      "observed_min_x3_margin_factor_in_ratio_space": 2.554756371802355
    },
    {
      "y": 1900009,
      "prime_count": 142030,
      "ratio_float": 0.038833575711066264,
      "primorial_log10": 824555.9197205175,
      "p_digits_covered_if_C3_le_4p3": 274851,
      "required_x3_for_depth4_float": 0.9626180972399884,
      "observed_min_x3_exceeds_required": true,
      "observed_min_x3_margin": 0.022381540899332086,
      "observed_min_x3_margin_factor_in_ratio_space": 2.5500090183373416
    },
    {
      "y": 1950017,
      "prime_count": 145503,
      "ratio_float": 0.03876357385342541,
      "primorial_log10": 846381.721117512,
      "p_digits_covered_if_C3_le_4p3": 282127,
      "required_x3_for_depth4_float": 0.9626829676847187,
      "observed_min_x3_exceeds_required": true,
      "observed_min_x3_margin": 0.022316670454601728,
      "observed_min_x3_margin_factor_in_ratio_space": 2.5454123422647417
    },
    {
      "y": 2000003,
      "prime_count": 148934,
      "ratio_float": 0.038696294703745325,
      "primorial_log10": 867981.9203544619,
      "p_digits_covered_if_C3_le_4p3": 289327,
      "required_x3_for_depth4_float": 0.9627453232469823,
      "observed_min_x3_exceeds_required": true,
      "observed_min_x3_margin": 0.0222543148923382,
      "observed_min_x3_margin_factor_in_ratio_space": 2.54099445296949
    },
    {
      "y": 2050007,
      "prime_count": 152383,
      "ratio_float": 0.038630433733575914,
      "primorial_log10": 889732.6099915161,
      "p_digits_covered_if_C3_le_4p3": 296577,
      "required_x3_for_depth4_float": 0.9628063722389584,
      "observed_min_x3_exceeds_required": true,
      "observed_min_x3_margin": 0.02219326590036208,
      "observed_min_x3_margin_factor_in_ratio_space": 2.5366696885146784
    },
    {
      "y": 2100001,
      "prime_count": 155806,
      "ratio_float": 0.03856675421713743,
      "primorial_log10": 911355.6638129521,
      "p_digits_covered_if_C3_le_4p3": 303785,
      "required_x3_for_depth4_float": 0.9628654065224639,
      "observed_min_x3_exceeds_required": true,
      "observed_min_x3_margin": 0.02213423161685657,
      "observed_min_x3_margin_factor_in_ratio_space": 2.5324881693465833
    },
    {
      "y": 2150009,
      "prime_count": 159251,
      "ratio_float": 0.038504276851501054,
      "primorial_log10": 933153.3423819176,
      "p_digits_covered_if_C3_le_4p3": 311050,
      "required_x3_for_depth4_float": 0.9629233333845895,
      "observed_min_x3_exceeds_required": true,
      "observed_min_x3_margin": 0.02207630475473099,
      "observed_min_x3_margin_factor_in_ratio_space": 2.5283855894811573
    },
    {
      "y": 2200013,
      "prime_count": 162663,
      "ratio_float": 0.03844391203305201,
      "primorial_log10": 954776.5615850887,
      "p_digits_covered_if_C3_le_4p3": 318258,
      "required_x3_for_depth4_float": 0.9629793081864316,
      "observed_min_x3_exceeds_required": true,
      "observed_min_x3_margin": 0.02202032995288883,
      "observed_min_x3_margin_factor_in_ratio_space": 2.5244217301502356
    },
    {
      "y": 2250013,
      "prime_count": 166082,
      "ratio_float": 0.03838488032501725,
      "primorial_log10": 976478.0382543828,
      "p_digits_covered_if_C3_le_4p3": 325492,
      "required_x3_for_depth4_float": 0.9630340531219959,
      "observed_min_x3_exceeds_required": true,
      "observed_min_x3_margin": 0.021965585017324596,
      "observed_min_x3_margin_factor_in_ratio_space": 2.5205454095925695
    },
    {
      "y": 2300003,
      "prime_count": 169512,
      "ratio_float": 0.0383270463005228,
      "primorial_log10": 998282.384753332,
      "p_digits_covered_if_C3_le_4p3": 332760,
      "required_x3_for_depth4_float": 0.9630876933842001,
      "observed_min_x3_exceeds_required": true,
      "observed_min_x3_margin": 0.02191194475512037,
      "observed_min_x3_margin_factor_in_ratio_space": 2.516747734994565
    },
    {
      "y": 2350001,
      "prime_count": 172874,
      "ratio_float": 0.038271660381889346,
      "primorial_log10": 1019686.2154370684,
      "p_digits_covered_if_C3_le_4p3": 339895,
      "required_x3_for_depth4_float": 0.9631390686635783,
      "observed_min_x3_exceeds_required": true,
      "observed_min_x3_margin": 0.02186056947574211,
      "observed_min_x3_margin_factor_in_ratio_space": 2.5131108154109802
    },
    {
      "y": 2400001,
      "prime_count": 176303,
      "ratio_float": 0.03821644281168487,
      "primorial_log10": 1041548.3610521533,
      "p_digits_covered_if_C3_le_4p3": 347182,
      "required_x3_for_depth4_float": 0.9631902932415638,
      "observed_min_x3_exceeds_required": true,
      "observed_min_x3_margin": 0.021809344897756655,
      "observed_min_x3_margin_factor_in_ratio_space": 2.5094849504368217
    },
    {
      "y": 2450003,
      "prime_count": 179685,
      "ratio_float": 0.03816318296453689,
      "primorial_log10": 1063141.5143287594,
      "p_digits_covered_if_C3_le_4p3": 354380,
      "required_x3_for_depth4_float": 0.9632397068295568,
      "observed_min_x3_exceeds_required": true,
      "observed_min_x3_margin": 0.021759931309763614,
      "observed_min_x3_margin_factor_in_ratio_space": 2.505987639461569
    },
    {
      "y": 2500009,
      "prime_count": 183073,
      "ratio_float": 0.03811097602214848,
      "primorial_log10": 1084802.9295834121,
      "p_digits_covered_if_C3_le_4p3": 361600,
      "required_x3_for_depth4_float": 0.9632881484711945,
      "observed_min_x3_exceeds_required": true,
      "observed_min_x3_margin": 0.02171148966812597,
      "observed_min_x3_margin_factor_in_ratio_space": 2.502559467538881
    },
    {
      "y": 2550001,
      "prime_count": 186463,
      "ratio_float": 0.03805984086939713,
      "primorial_log10": 1106506.5430053456,
      "p_digits_covered_if_C3_le_4p3": 368835,
      "required_x3_for_depth4_float": 0.9633356003469693,
      "observed_min_x3_exceeds_required": true,
      "observed_min_x3_margin": 0.021664037792351154,
      "observed_min_x3_margin_factor_in_ratio_space": 2.4992016747453407
    },
    {
      "y": 2600011,
      "prime_count": 189881,
      "ratio_float": 0.038009354314050794,
      "primorial_log10": 1128418.5956419508,
      "p_digits_covered_if_C3_le_4p3": 376139,
      "required_x3_for_depth4_float": 0.9633824549306027,
      "observed_min_x3_exceeds_required": true,
      "observed_min_x3_margin": 0.02161718320871775,
      "observed_min_x3_margin_factor_in_ratio_space": 2.4958864721383027
    },
    {
      "y": 2650007,
      "prime_count": 193257,
      "ratio_float": 0.03796050420236353,
      "primorial_log10": 1150089.6620747126,
      "p_digits_covered_if_C3_le_4p3": 383363,
      "required_x3_for_depth4_float": 0.9634277951341367,
      "observed_min_x3_exceeds_required": true,
      "observed_min_x3_margin": 0.021571843005183777,
      "observed_min_x3_margin_factor_in_ratio_space": 2.492678726699764
    },
    {
      "y": 2700023,
      "prime_count": 196646,
      "ratio_float": 0.03791244144323429,
      "primorial_log10": 1171871.8707178526,
      "p_digits_covered_if_C3_le_4p3": 390623,
      "required_x3_for_depth4_float": 0.9634724087221496,
      "observed_min_x3_exceeds_required": true,
      "observed_min_x3_margin": 0.02152722941717089,
      "observed_min_x3_margin_factor_in_ratio_space": 2.489522682812958
    },
    {
      "y": 2750021,
      "prime_count": 199994,
      "ratio_float": 0.03786588647517948,
      "primorial_log10": 1193417.3909219431,
      "p_digits_covered_if_C3_le_4p3": 397805,
      "required_x3_for_depth4_float": 0.9635156266636912,
      "observed_min_x3_exceeds_required": true,
      "observed_min_x3_margin": 0.021484011475629283,
      "observed_min_x3_margin_factor_in_ratio_space": 2.4864656481151632
    },
    {
      "y": 2800001,
      "prime_count": 203363,
      "ratio_float": 0.03781994211207296,
      "primorial_log10": 1215124.7314645988,
      "p_digits_covered_if_C3_le_4p3": 405041,
      "required_x3_for_depth4_float": 0.9635582815694353,
      "observed_min_x3_exceeds_required": true,
      "observed_min_x3_margin": 0.021441356569885106,
      "observed_min_x3_margin_factor_in_ratio_space": 2.483448708826979
    },
    {
      "y": 2850013,
      "prime_count": 206790,
      "ratio_float": 0.03777408819101905,
      "primorial_log10": 1237232.3112807511,
      "p_digits_covered_if_C3_le_4p3": 412410,
      "required_x3_for_depth4_float": 0.9636008562741584,
      "observed_min_x3_exceeds_required": true,
      "observed_min_x3_margin": 0.021398781865162086,
      "observed_min_x3_margin_factor_in_ratio_space": 2.480437708421465
    },
    {
      "y": 2900017,
      "prime_count": 210110,
      "ratio_float": 0.037730492123916104,
      "primorial_log10": 1258674.9946766845,
      "p_digits_covered_if_C3_le_4p3": 419558,
      "required_x3_for_depth4_float": 0.9636413380831729,
      "observed_min_x3_exceeds_required": true,
      "observed_min_x3_margin": 0.021358300056147583,
      "observed_min_x3_margin_factor_in_ratio_space": 2.4775749701275798
    },
    {
      "y": 2950001,
      "prime_count": 213454,
      "ratio_float": 0.03768737931345838,
      "primorial_log10": 1280297.6649225545,
      "p_digits_covered_if_C3_le_4p3": 426765,
      "required_x3_for_depth4_float": 0.9636813745018343,
      "observed_min_x3_exceeds_required": true,
      "observed_min_x3_margin": 0.021318263637486123,
      "observed_min_x3_margin_factor_in_ratio_space": 2.474743964909542
    },
    {
      "y": 2999999,
      "prime_count": 216816,
      "ratio_float": 0.03764481378701614,
      "primorial_log10": 1302061.5566277115,
      "p_digits_covered_if_C3_le_4p3": 434020,
      "required_x3_for_depth4_float": 0.963720905952754,
      "observed_min_x3_exceeds_required": true,
      "observed_min_x3_margin": 0.021278732186566507,
      "observed_min_x3_margin_factor_in_ratio_space": 2.471948897128363
    }
  ]
}
